// Jest Snapshot v1, https://goo.gl/fbAQLP

exports[`<VideoGrid /> should render and match the snapshot when it is loading 1`] = `
<React.Fragment>
  <div
    className="grid gap-6 mb-8 sm:grid-cols-2 md:grid-cols-3"
  >
    <CardSkeleton
      noOfCards={3}
    />
  </div>
</React.Fragment>
`;

exports[`<VideoGrid /> should render and match the snapshot when it is not loading 1`] = `null`;

exports[`<VideoGrid /> should render and match the snapshot when it is not loading and videos are available 1`] = `null`;
