// Jest Snapshot v1, https://goo.gl/fbAQLP

exports[`<SectionTitle /> should render and match the snapshot 1`] = `
<h2
  className="my-2 text-lg font-semibold text-gray-500 dark:text-gray-300"
>
  This is Section Title
</h2>
`;
