// Jest Snapshot v1, https://goo.gl/fbAQLP

exports[`SkeletonBody should render 1`] = `
<div
  className="flex space-x-4 animate-pulse"
>
  <div
    className="w-12 h-12 bg-gray-300 rounded-full dark:bg-gray-700"
  />
  <div
    className="flex-1 py-1 space-y-4"
  >
    <div
      className="h-4 bg-gray-300 dark:bg-gray-700 rounded w-3/4"
    />
    <div
      className="space-y-2"
    >
      <div
        className="h-4 bg-gray-300 rounded dark:bg-gray-700"
      />
      <div
        className="h-4 bg-gray-300 dark:bg-gray-700 rounded w-5/6"
      />
    </div>
  </div>
</div>
`;
