// Jest Snapshot v1, https://goo.gl/fbAQLP

exports[`<WatchVideosContainer /> should render and match the snapshot when loading 1`] = `<div />`;
